// Jest Snapshot v1, https://goo.gl/fbAQLP

exports[`The Sidebar component renders the sidebar correctly 1`] = `
<aside
  className="text-white pl-4"
>
  <a
    className=" flex flex-row items-center space-x-2 mr-2 py-4"
    href="/"
    onClick={[Function]}
    onMouseEnter={[Function]}
    onTouchStart={[Function]}
  >
    <svg
      fill="currentColor"
      height={36}
      stroke="currentColor"
      strokeWidth="0"
      style={
        {
          "color": undefined,
        }
      }
      t="1569683928793"
      version="1.1"
      viewBox="0 0 1024 1024"
      width={36}
      xmlns="http://www.w3.org/2000/svg"
    >
      <defs />
      <path
        d="M464 144H160c-8.8 0-16 7.2-16 16v304c0 8.8 7.2 16 16 16h304c8.8 0 16-7.2 16-16V160c0-8.8-7.2-16-16-16z m-52 268H212V212h200v200zM864 144H560c-8.8 0-16 7.2-16 16v304c0 8.8 7.2 16 16 16h304c8.8 0 16-7.2 16-16V160c0-8.8-7.2-16-16-16z m-52 268H612V212h200v200zM864 544H560c-8.8 0-16 7.2-16 16v304c0 8.8 7.2 16 16 16h304c8.8 0 16-7.2 16-16V560c0-8.8-7.2-16-16-16z m-52 268H612V612h200v200zM424 712H296V584c0-4.4-3.6-8-8-8h-48c-4.4 0-8 3.6-8 8v128H104c-4.4 0-8 3.6-8 8v48c0 4.4 3.6 8 8 8h128v128c0 4.4 3.6 8 8 8h48c4.4 0 8-3.6 8-8V776h128c4.4 0 8-3.6 8-8v-48c0-4.4-3.6-8-8-8z"
      />
    </svg>
    <span
      className=" font-bold"
    >
      EcommerceAdmin
    </span>
  </a>
  <nav
    className=" flex flex-col space-y-2 "
  >
    <a
      className="flex flex-row items-center space-x-2 p-1 hover:bg-gray-400 rounded-lg rounded-r-none bg-white text-blue-900 "
      href="/"
      onClick={[Function]}
      onMouseEnter={[Function]}
      onTouchStart={[Function]}
    >
      <svg
        fill="currentColor"
        height={28}
        stroke="currentColor"
        strokeWidth="0"
        style={
          {
            "color": undefined,
          }
        }
        viewBox="0 0 1024 1024"
        width={28}
        xmlns="http://www.w3.org/2000/svg"
      >
        <path
          d="M924.8 385.6a446.7 446.7 0 0 0-96-142.4 446.7 446.7 0 0 0-142.4-96C631.1 123.8 572.5 112 512 112s-119.1 11.8-174.4 35.2a446.7 446.7 0 0 0-142.4 96 446.7 446.7 0 0 0-96 142.4C75.8 440.9 64 499.5 64 560c0 132.7 58.3 257.7 159.9 343.1l1.7 1.4c5.8 4.8 13.1 7.5 20.6 7.5h531.7c7.5 0 14.8-2.7 20.6-7.5l1.7-1.4C901.7 817.7 960 692.7 960 560c0-60.5-11.9-119.1-35.2-174.4zM761.4 836H262.6A371.12 371.12 0 0 1 140 560c0-99.4 38.7-192.8 109-263 70.3-70.3 163.7-109 263-109 99.4 0 192.8 38.7 263 109 70.3 70.3 109 163.7 109 263 0 105.6-44.5 205.5-122.6 276zM623.5 421.5a8.03 8.03 0 0 0-11.3 0L527.7 506c-18.7-5-39.4-.2-54.1 14.5a55.95 55.95 0 0 0 0 79.2 55.95 55.95 0 0 0 79.2 0 55.87 55.87 0 0 0 14.5-54.1l84.5-84.5c3.1-3.1 3.1-8.2 0-11.3l-28.3-28.3zM490 320h44c4.4 0 8-3.6 8-8v-80c0-4.4-3.6-8-8-8h-44c-4.4 0-8 3.6-8 8v80c0 4.4 3.6 8 8 8zm260 218v44c0 4.4 3.6 8 8 8h80c4.4 0 8-3.6 8-8v-44c0-4.4-3.6-8-8-8h-80c-4.4 0-8 3.6-8 8zm12.7-197.2l-31.1-31.1a8.03 8.03 0 0 0-11.3 0l-56.6 56.6a8.03 8.03 0 0 0 0 11.3l31.1 31.1c3.1 3.1 8.2 3.1 11.3 0l56.6-56.6c3.1-3.1 3.1-8.2 0-11.3zm-458.6-31.1a8.03 8.03 0 0 0-11.3 0l-31.1 31.1a8.03 8.03 0 0 0 0 11.3l56.6 56.6c3.1 3.1 8.2 3.1 11.3 0l31.1-31.1c3.1-3.1 3.1-8.2 0-11.3l-56.6-56.6zM262 530h-80c-4.4 0-8 3.6-8 8v44c0 4.4 3.6 8 8 8h80c4.4 0 8-3.6 8-8v-44c0-4.4-3.6-8-8-8z"
        />
      </svg>
      <span>
        Dashboard
      </span>
    </a>
    <a
      className="flex flex-row items-center space-x-2 p-1 hover:bg-gray-400 rounded-lg rounded-r-none"
      href="/products"
      onClick={[Function]}
      onMouseEnter={[Function]}
      onTouchStart={[Function]}
    >
      <svg
        fill="currentColor"
        height={28}
        stroke="currentColor"
        strokeWidth="0"
        style={
          {
            "color": undefined,
          }
        }
        viewBox="0 0 1024 1024"
        width={28}
        xmlns="http://www.w3.org/2000/svg"
      >
        <path
          d="M922.9 701.9H327.4l29.9-60.9 496.8-.9c16.8 0 31.2-12 34.2-28.6l68.8-385.1c1.8-10.1-.9-20.5-7.5-28.4a34.99 34.99 0 0 0-26.6-12.5l-632-2.1-5.4-25.4c-3.4-16.2-18-28-34.6-28H96.5a35.3 35.3 0 1 0 0 70.6h125.9L246 312.8l58.1 281.3-74.8 122.1a34.96 34.96 0 0 0-3 36.8c6 11.9 18.1 19.4 31.5 19.4h62.8a102.43 102.43 0 0 0-20.6 61.7c0 56.6 46 102.6 102.6 102.6s102.6-46 102.6-102.6c0-22.3-7.4-44-20.6-61.7h161.1a102.43 102.43 0 0 0-20.6 61.7c0 56.6 46 102.6 102.6 102.6s102.6-46 102.6-102.6c0-22.3-7.4-44-20.6-61.7H923c19.4 0 35.3-15.8 35.3-35.3a35.42 35.42 0 0 0-35.4-35.2zM305.7 253l575.8 1.9-56.4 315.8-452.3.8L305.7 253zm96.9 612.7c-17.4 0-31.6-14.2-31.6-31.6 0-17.4 14.2-31.6 31.6-31.6s31.6 14.2 31.6 31.6a31.6 31.6 0 0 1-31.6 31.6zm325.1 0c-17.4 0-31.6-14.2-31.6-31.6 0-17.4 14.2-31.6 31.6-31.6s31.6 14.2 31.6 31.6a31.6 31.6 0 0 1-31.6 31.6z"
        />
      </svg>
      <span>
        Products
      </span>
    </a>
    <a
      className="flex flex-row items-center space-x-2 p-1 hover:bg-gray-400 rounded-lg rounded-r-none"
      href="/orders"
      onClick={[Function]}
      onMouseEnter={[Function]}
      onTouchStart={[Function]}
    >
      <svg
        fill="currentColor"
        height={28}
        stroke="currentColor"
        strokeWidth="0"
        style={
          {
            "color": undefined,
          }
        }
        viewBox="0 0 1024 1024"
        width={28}
        xmlns="http://www.w3.org/2000/svg"
      >
        <path
          d="M912 192H328c-4.4 0-8 3.6-8 8v56c0 4.4 3.6 8 8 8h584c4.4 0 8-3.6 8-8v-56c0-4.4-3.6-8-8-8zm0 284H328c-4.4 0-8 3.6-8 8v56c0 4.4 3.6 8 8 8h584c4.4 0 8-3.6 8-8v-56c0-4.4-3.6-8-8-8zm0 284H328c-4.4 0-8 3.6-8 8v56c0 4.4 3.6 8 8 8h584c4.4 0 8-3.6 8-8v-56c0-4.4-3.6-8-8-8zM104 228a56 56 0 1 0 112 0 56 56 0 1 0-112 0zm0 284a56 56 0 1 0 112 0 56 56 0 1 0-112 0zm0 284a56 56 0 1 0 112 0 56 56 0 1 0-112 0z"
        />
      </svg>
      <span>
        Orders
      </span>
    </a>
    <a
      className="flex flex-row items-center space-x-2 p-1 hover:bg-gray-400 rounded-lg rounded-r-none"
      href="/categories"
      onClick={[Function]}
      onMouseEnter={[Function]}
      onTouchStart={[Function]}
    >
      <svg
        fill="currentColor"
        height={28}
        stroke="currentColor"
        strokeWidth="0"
        style={
          {
            "color": undefined,
          }
        }
        viewBox="0 0 1024 1024"
        width={28}
        xmlns="http://www.w3.org/2000/svg"
      >
        <path
          d="M912 192H328c-4.4 0-8 3.6-8 8v56c0 4.4 3.6 8 8 8h584c4.4 0 8-3.6 8-8v-56c0-4.4-3.6-8-8-8zm0 284H328c-4.4 0-8 3.6-8 8v56c0 4.4 3.6 8 8 8h584c4.4 0 8-3.6 8-8v-56c0-4.4-3.6-8-8-8zm0 284H328c-4.4 0-8 3.6-8 8v56c0 4.4 3.6 8 8 8h584c4.4 0 8-3.6 8-8v-56c0-4.4-3.6-8-8-8zM104 228a56 56 0 1 0 112 0 56 56 0 1 0-112 0zm0 284a56 56 0 1 0 112 0 56 56 0 1 0-112 0zm0 284a56 56 0 1 0 112 0 56 56 0 1 0-112 0z"
        />
      </svg>
      <span>
        Categories
      </span>
    </a>
    <a
      className="flex flex-row items-center space-x-2 p-1 hover:bg-gray-400 rounded-lg rounded-r-none"
      href="/settings"
      onClick={[Function]}
      onMouseEnter={[Function]}
      onTouchStart={[Function]}
    >
      <svg
        fill="currentColor"
        height={28}
        stroke="currentColor"
        strokeWidth="0"
        style={
          {
            "color": undefined,
          }
        }
        viewBox="0 0 1024 1024"
        width={28}
        xmlns="http://www.w3.org/2000/svg"
      >
        <path
          d="M924.8 625.7l-65.5-56c3.1-19 4.7-38.4 4.7-57.8s-1.6-38.8-4.7-57.8l65.5-56a32.03 32.03 0 0 0 9.3-35.2l-.9-2.6a443.74 443.74 0 0 0-79.7-137.9l-1.8-2.1a32.12 32.12 0 0 0-35.1-9.5l-81.3 28.9c-30-24.6-63.5-44-99.7-57.6l-15.7-85a32.05 32.05 0 0 0-25.8-25.7l-2.7-.5c-52.1-9.4-106.9-9.4-159 0l-2.7.5a32.05 32.05 0 0 0-25.8 25.7l-15.8 85.4a351.86 351.86 0 0 0-99 57.4l-81.9-29.1a32 32 0 0 0-35.1 9.5l-1.8 2.1a446.02 446.02 0 0 0-79.7 137.9l-.9 2.6c-4.5 12.5-.8 26.5 9.3 35.2l66.3 56.6c-3.1 18.8-4.6 38-4.6 57.1 0 19.2 1.5 38.4 4.6 57.1L99 625.5a32.03 32.03 0 0 0-9.3 35.2l.9 2.6c18.1 50.4 44.9 96.9 79.7 137.9l1.8 2.1a32.12 32.12 0 0 0 35.1 9.5l81.9-29.1c29.8 24.5 63.1 43.9 99 57.4l15.8 85.4a32.05 32.05 0 0 0 25.8 25.7l2.7.5a449.4 449.4 0 0 0 159 0l2.7-.5a32.05 32.05 0 0 0 25.8-25.7l15.7-85a350 350 0 0 0 99.7-57.6l81.3 28.9a32 32 0 0 0 35.1-9.5l1.8-2.1c34.8-41.1 61.6-87.5 79.7-137.9l.9-2.6c4.5-12.3.8-26.3-9.3-35zM788.3 465.9c2.5 15.1 3.8 30.6 3.8 46.1s-1.3 31-3.8 46.1l-6.6 40.1 74.7 63.9a370.03 370.03 0 0 1-42.6 73.6L721 702.8l-31.4 25.8c-23.9 19.6-50.5 35-79.3 45.8l-38.1 14.3-17.9 97a377.5 377.5 0 0 1-85 0l-17.9-97.2-37.8-14.5c-28.5-10.8-55-26.2-78.7-45.7l-31.4-25.9-93.4 33.2c-17-22.9-31.2-47.6-42.6-73.6l75.5-64.5-6.5-40c-2.4-14.9-3.7-30.3-3.7-45.5 0-15.3 1.2-30.6 3.7-45.5l6.5-40-75.5-64.5c11.3-26.1 25.6-50.7 42.6-73.6l93.4 33.2 31.4-25.9c23.7-19.5 50.2-34.9 78.7-45.7l37.9-14.3 17.9-97.2c28.1-3.2 56.8-3.2 85 0l17.9 97 38.1 14.3c28.7 10.8 55.4 26.2 79.3 45.8l31.4 25.8 92.8-32.9c17 22.9 31.2 47.6 42.6 73.6L781.8 426l6.5 39.9zM512 326c-97.2 0-176 78.8-176 176s78.8 176 176 176 176-78.8 176-176-78.8-176-176-176zm79.2 255.2A111.6 111.6 0 0 1 512 614c-29.9 0-58-11.7-79.2-32.8A111.6 111.6 0 0 1 400 502c0-29.9 11.7-58 32.8-79.2C454 401.6 482.1 390 512 390c29.9 0 58 11.6 79.2 32.8A111.6 111.6 0 0 1 624 502c0 29.9-11.7 58-32.8 79.2z"
        />
      </svg>
      <span>
        Settings
      </span>
    </a>
  </nav>
</aside>
`;
